\documentclass[12pt,border=0pt]{standalone}

\usepackage[utf8]{inputenc} 
\usepackage{amssymb,amsmath}
\usepackage{tikz}



\thispagestyle{empty}

\begin{document}

\begin{tikzpicture}[x=10pt,y=6pt]
  \centering
  \tikzset{VertexStyle/.style = {
    shape         = rectangle,
    draw          = blue, 
    fill          = white, 
  	line width    = 1pt, 
    text          = black,
    inner sep     = 1pt,
    outer sep     = 0pt,
    minimum size  = 14 pt,
    scale         = 1
    }
  }
  \tikzset{EdgeStyle/.style = {
    draw            = black, 
    thick,
    double          = black,
    double distance = 1pt
    }
  }
  \tikzset{EdgeLabelStyle/.style = {
    draw          = black,
  	shape         = circle, 
  	line width    = 1pt, 
  	minimum size  = 10pt, 
    inner sep     = 1pt,
    outer sep     = 0pt,
    fill          = yellow,
    text          = black,
    scale         = 1
    }
  }

	\node[VertexStyle](A1) at (25, 45.8333333333333) {$\varnothing$};
	\node[VertexStyle](B1) at (12.5, 37.5) {${\boldsymbol 0}$};
	\node[VertexStyle](B2) at (37.5, 37.5) {${\boldsymbol 1}$};
	\node[VertexStyle](C1) at (12.5, 29.1666666666667) {${\boldsymbol 1}$};
	\node[VertexStyle](C2) at (37.5, 29.1666666666667) {${\boldsymbol 0}$};
	\node[VertexStyle](D1) at (12.5, 20.8333333333333) {${\boldsymbol 0}$};
	\node[VertexStyle](D2) at (37.5, 20.8333333333333) {${\boldsymbol 1}$};
	\node[VertexStyle](E1) at (12.5, 12.5) {${\boldsymbol 1}$};
	\node[VertexStyle](E2) at (37.5, 12.5) {${\boldsymbol 0}$};
	\node[VertexStyle](F1) at (12.5, 4.16666666666667) {${\boldsymbol 0}$};
	\node[VertexStyle](F2) at (37.5, 4.16666666666667) {${\boldsymbol 1}$};
	\draw[EdgeStyle](A1) to (B1);
	\draw[EdgeStyle](A1) to(B2);
	\draw[EdgeStyle](B1) to node[EdgeLabelStyle]{$1$} (C1);
	\draw[EdgeStyle](B2) to node[EdgeLabelStyle]{$0$} (C1);
	\draw[EdgeStyle](B2) to node[EdgeLabelStyle]{$0$} (C2);
	\draw[EdgeStyle](C1) to node[EdgeLabelStyle]{$0$} (D1);
	\draw[EdgeStyle](C1) to node[EdgeLabelStyle]{$0$} (D2);
	\draw[EdgeStyle](C2) to node[EdgeLabelStyle]{$1$} (D2);
	\draw[EdgeStyle](D1) to node[EdgeLabelStyle]{$1$} (E1);
	\draw[EdgeStyle](D2) to node[EdgeLabelStyle]{$0$} (E1);
	\draw[EdgeStyle](D2) to node[EdgeLabelStyle]{$0$} (E2);
	\draw[EdgeStyle](E1) to node[EdgeLabelStyle]{$0$} (F1);
	\draw[EdgeStyle](E1) to node[EdgeLabelStyle]{$0$} (F2);
	\draw[EdgeStyle](E2) to node[EdgeLabelStyle]{$1$} (F2);

  \end{tikzpicture}

\end{document}
